Analysis & Synthesis report for Aula_9
Fri Nov 04 14:40:28 2022
Quartus Prime Version 20.1.0 Build 711 06/05/2020 SJ Lite Edition


---------------------
; Table of Contents ;
---------------------
  1. Legal Notice
  2. Analysis & Synthesis Summary
  3. Analysis & Synthesis Settings
  4. Parallel Compilation
  5. Analysis & Synthesis Source Files Read
  6. Analysis & Synthesis Resource Usage Summary
  7. Analysis & Synthesis Resource Utilization by Entity
  8. Registers Removed During Synthesis
  9. Removed Registers Triggering Further Register Optimizations
 10. General Register Statistics
 11. Parameter Settings for User Entity Instance: Top-level Entity: |Aula_9
 12. Parameter Settings for User Entity Instance: memoriaROM:ROM1
 13. Parameter Settings for User Entity Instance: memoriaRAM:memoriaRAM
 14. Parameter Settings for User Entity Instance: processador:processador
 15. Parameter Settings for User Entity Instance: processador:processador|muxGenerico2x1:MUX1
 16. Parameter Settings for User Entity Instance: processador:processador|muxGenerico4x1:MUXJMP
 17. Parameter Settings for User Entity Instance: processador:processador|bancoRegistradoresArqRegMem:bancoReg
 18. Parameter Settings for User Entity Instance: processador:processador|registradorGenerico:PC
 19. Parameter Settings for User Entity Instance: processador:processador|somaConstante:incrementaPC
 20. Parameter Settings for User Entity Instance: processador:processador|registradorGenerico:regRet
 21. Parameter Settings for User Entity Instance: processador:processador|ULASomaSub:ULA1
 22. Parameter Settings for User Entity Instance: registradorGenerico:RegLed7
 23. Parameter Settings for User Entity Instance: registradorGenerico:RegHex0
 24. Parameter Settings for User Entity Instance: registradorGenerico:RegHex1
 25. Parameter Settings for User Entity Instance: registradorGenerico:RegHex2
 26. Parameter Settings for User Entity Instance: registradorGenerico:RegHex3
 27. Parameter Settings for User Entity Instance: registradorGenerico:RegHex4
 28. Parameter Settings for User Entity Instance: registradorGenerico:RegHex5
 29. Parameter Settings for User Entity Instance: divisorGenerico:divisorN
 30. Parameter Settings for User Entity Instance: divisorGenerico:divisorA
 31. Parameter Settings for User Entity Instance: muxGenerico2x1:muxClock
 32. Port Connectivity Checks: "flipFlop:ffKEYR"
 33. Port Connectivity Checks: "flipFlop:ffKEY3"
 34. Port Connectivity Checks: "flipFlop:ffKEY2"
 35. Port Connectivity Checks: "flipFlop:ffKEY1"
 36. Port Connectivity Checks: "flipFlop:ffKEY0"
 37. Port Connectivity Checks: "conversorHex7Seg:ConHex5"
 38. Port Connectivity Checks: "conversorHex7Seg:ConHex4"
 39. Port Connectivity Checks: "conversorHex7Seg:ConHex3"
 40. Port Connectivity Checks: "conversorHex7Seg:ConHex2"
 41. Port Connectivity Checks: "conversorHex7Seg:ConHex1"
 42. Port Connectivity Checks: "conversorHex7Seg:ConHex0"
 43. Port Connectivity Checks: "registradorGenerico:RegHex5"
 44. Port Connectivity Checks: "registradorGenerico:RegHex4"
 45. Port Connectivity Checks: "registradorGenerico:RegHex3"
 46. Port Connectivity Checks: "registradorGenerico:RegHex2"
 47. Port Connectivity Checks: "registradorGenerico:RegHex1"
 48. Port Connectivity Checks: "registradorGenerico:RegHex0"
 49. Port Connectivity Checks: "flipFlop:ffLed9"
 50. Port Connectivity Checks: "flipFlop:ffLed8"
 51. Port Connectivity Checks: "registradorGenerico:RegLed7"
 52. Port Connectivity Checks: "decoder3x8:decoderEnd"
 53. Port Connectivity Checks: "decoder3x8:decoderBloco"
 54. Port Connectivity Checks: "processador:processador|flipFlop:flipFlop2"
 55. Port Connectivity Checks: "processador:processador|flipFlop:flipFlop"
 56. Port Connectivity Checks: "processador:processador|registradorGenerico:regRet"
 57. Port Connectivity Checks: "processador:processador|registradorGenerico:PC"
 58. Port Connectivity Checks: "processador:processador|muxGenerico4x1:MUXJMP"
 59. Port Connectivity Checks: "processador:processador"
 60. Post-Synthesis Netlist Statistics for Top Partition
 61. Elapsed Time Per Partition
 62. Analysis & Synthesis Messages



----------------
; Legal Notice ;
----------------
Copyright (C) 2020  Intel Corporation. All rights reserved.
Your use of Intel Corporation's design tools, logic functions 
and other software and tools, and any partner logic 
functions, and any output files from any of the foregoing 
(including device programming or simulation files), and any 
associated documentation or information are expressly subject 
to the terms and conditions of the Intel Program License 
Subscription Agreement, the Intel Quartus Prime License Agreement,
the Intel FPGA IP License Agreement, or other applicable license
agreement, including, without limitation, that your use is for
the sole purpose of programming logic devices manufactured by
Intel and sold by Intel or its authorized distributors.  Please
refer to the applicable agreement for further details, at
https://fpgasoftware.intel.com/eula.



+-------------------------------------------------------------------------------+
; Analysis & Synthesis Summary                                                  ;
+---------------------------------+---------------------------------------------+
; Analysis & Synthesis Status     ; Successful - Fri Nov 04 14:40:28 2022       ;
; Quartus Prime Version           ; 20.1.0 Build 711 06/05/2020 SJ Lite Edition ;
; Revision Name                   ; Aula_9                                      ;
; Top-level Entity Name           ; Aula_9                                      ;
; Family                          ; Cyclone V                                   ;
; Logic utilization (in ALMs)     ; N/A                                         ;
; Total registers                 ; 0                                           ;
; Total pins                      ; 68                                          ;
; Total virtual pins              ; 0                                           ;
; Total block memory bits         ; 0                                           ;
; Total DSP Blocks                ; 0                                           ;
; Total HSSI RX PCSs              ; 0                                           ;
; Total HSSI PMA RX Deserializers ; 0                                           ;
; Total HSSI TX PCSs              ; 0                                           ;
; Total HSSI PMA TX Serializers   ; 0                                           ;
; Total PLLs                      ; 0                                           ;
; Total DLLs                      ; 0                                           ;
+---------------------------------+---------------------------------------------+


+---------------------------------------------------------------------------------------------------------------------------+
; Analysis & Synthesis Settings                                                                                             ;
+---------------------------------------------------------------------------------+--------------------+--------------------+
; Option                                                                          ; Setting            ; Default Value      ;
+---------------------------------------------------------------------------------+--------------------+--------------------+
; Device                                                                          ; 5CEBA4F23C7        ;                    ;
; Top-level entity name                                                           ; Aula_9             ; Aula_9             ;
; Family name                                                                     ; Cyclone V          ; Cyclone V          ;
; Maximum processors allowed for parallel compilation                             ; All                ;                    ;
; VHDL Show LMF Mapping Messages                                                  ; Off                ;                    ;
; VHDL Version                                                                    ; VHDL_2008          ; VHDL_1993          ;
; Use smart compilation                                                           ; Off                ; Off                ;
; Enable parallel Assembler and Timing Analyzer during compilation                ; On                 ; On                 ;
; Enable compact report table                                                     ; Off                ; Off                ;
; Restructure Multiplexers                                                        ; Auto               ; Auto               ;
; MLAB Add Timing Constraints For Mixed-Port Feed-Through Mode Setting Don't Care ; Off                ; Off                ;
; Create Debugging Nodes for IP Cores                                             ; Off                ; Off                ;
; Preserve fewer node names                                                       ; On                 ; On                 ;
; Intel FPGA IP Evaluation Mode                                                   ; Enable             ; Enable             ;
; Verilog Version                                                                 ; Verilog_2001       ; Verilog_2001       ;
; State Machine Processing                                                        ; Auto               ; Auto               ;
; Safe State Machine                                                              ; Off                ; Off                ;
; Extract Verilog State Machines                                                  ; On                 ; On                 ;
; Extract VHDL State Machines                                                     ; On                 ; On                 ;
; Ignore Verilog initial constructs                                               ; Off                ; Off                ;
; Iteration limit for constant Verilog loops                                      ; 5000               ; 5000               ;
; Iteration limit for non-constant Verilog loops                                  ; 250                ; 250                ;
; Add Pass-Through Logic to Inferred RAMs                                         ; On                 ; On                 ;
; Infer RAMs from Raw Logic                                                       ; On                 ; On                 ;
; Parallel Synthesis                                                              ; On                 ; On                 ;
; DSP Block Balancing                                                             ; Auto               ; Auto               ;
; NOT Gate Push-Back                                                              ; On                 ; On                 ;
; Power-Up Don't Care                                                             ; On                 ; On                 ;
; Remove Redundant Logic Cells                                                    ; Off                ; Off                ;
; Remove Duplicate Registers                                                      ; On                 ; On                 ;
; Ignore CARRY Buffers                                                            ; Off                ; Off                ;
; Ignore CASCADE Buffers                                                          ; Off                ; Off                ;
; Ignore GLOBAL Buffers                                                           ; Off                ; Off                ;
; Ignore ROW GLOBAL Buffers                                                       ; Off                ; Off                ;
; Ignore LCELL Buffers                                                            ; Off                ; Off                ;
; Ignore SOFT Buffers                                                             ; On                 ; On                 ;
; Limit AHDL Integers to 32 Bits                                                  ; Off                ; Off                ;
; Optimization Technique                                                          ; Balanced           ; Balanced           ;
; Carry Chain Length                                                              ; 70                 ; 70                 ;
; Auto Carry Chains                                                               ; On                 ; On                 ;
; Auto Open-Drain Pins                                                            ; On                 ; On                 ;
; Perform WYSIWYG Primitive Resynthesis                                           ; Off                ; Off                ;
; Auto ROM Replacement                                                            ; On                 ; On                 ;
; Auto RAM Replacement                                                            ; On                 ; On                 ;
; Auto DSP Block Replacement                                                      ; On                 ; On                 ;
; Auto Shift Register Replacement                                                 ; Auto               ; Auto               ;
; Allow Shift Register Merging across Hierarchies                                 ; Auto               ; Auto               ;
; Auto Clock Enable Replacement                                                   ; On                 ; On                 ;
; Strict RAM Replacement                                                          ; Off                ; Off                ;
; Allow Synchronous Control Signals                                               ; On                 ; On                 ;
; Force Use of Synchronous Clear Signals                                          ; Off                ; Off                ;
; Auto Resource Sharing                                                           ; Off                ; Off                ;
; Allow Any RAM Size For Recognition                                              ; Off                ; Off                ;
; Allow Any ROM Size For Recognition                                              ; Off                ; Off                ;
; Allow Any Shift Register Size For Recognition                                   ; Off                ; Off                ;
; Use LogicLock Constraints during Resource Balancing                             ; On                 ; On                 ;
; Ignore translate_off and synthesis_off directives                               ; Off                ; Off                ;
; Timing-Driven Synthesis                                                         ; On                 ; On                 ;
; Report Parameter Settings                                                       ; On                 ; On                 ;
; Report Source Assignments                                                       ; On                 ; On                 ;
; Report Connectivity Checks                                                      ; On                 ; On                 ;
; Ignore Maximum Fan-Out Assignments                                              ; Off                ; Off                ;
; Synchronization Register Chain Length                                           ; 3                  ; 3                  ;
; Power Optimization During Synthesis                                             ; Normal compilation ; Normal compilation ;
; HDL message level                                                               ; Level2             ; Level2             ;
; Suppress Register Optimization Related Messages                                 ; Off                ; Off                ;
; Number of Removed Registers Reported in Synthesis Report                        ; 5000               ; 5000               ;
; Number of Swept Nodes Reported in Synthesis Report                              ; 5000               ; 5000               ;
; Number of Inverted Registers Reported in Synthesis Report                       ; 100                ; 100                ;
; Clock MUX Protection                                                            ; On                 ; On                 ;
; Auto Gated Clock Conversion                                                     ; Off                ; Off                ;
; Block Design Naming                                                             ; Auto               ; Auto               ;
; SDC constraint protection                                                       ; Off                ; Off                ;
; Synthesis Effort                                                                ; Auto               ; Auto               ;
; Shift Register Replacement - Allow Asynchronous Clear Signal                    ; On                 ; On                 ;
; Pre-Mapping Resynthesis Optimization                                            ; Off                ; Off                ;
; Analysis & Synthesis Message Level                                              ; Medium             ; Medium             ;
; Disable Register Merging Across Hierarchies                                     ; Auto               ; Auto               ;
; Resource Aware Inference For Block RAM                                          ; On                 ; On                 ;
; Automatic Parallel Synthesis                                                    ; On                 ; On                 ;
; Partial Reconfiguration Bitstream ID                                            ; Off                ; Off                ;
+---------------------------------------------------------------------------------+--------------------+--------------------+


+------------------------------------------+
; Parallel Compilation                     ;
+----------------------------+-------------+
; Processors                 ; Number      ;
+----------------------------+-------------+
; Number detected on machine ; 8           ;
; Maximum allowed            ; 4           ;
;                            ;             ;
; Average used               ; 1.00        ;
; Maximum used               ; 1           ;
;                            ;             ;
; Usage by Processor         ; % Time Used ;
;     Processor 1            ; 100.0%      ;
+----------------------------+-------------+


+------------------------------------------------------------------------------------------------------------------------------------------------------------------------------+
; Analysis & Synthesis Source Files Read                                                                                                                                       ;
+----------------------------------+-----------------+-----------------+---------------------------------------------------------------------------------------------+---------+
; File Name with User-Entered Path ; Used in Netlist ; File Type       ; File Name with Absolute Path                                                                ; Library ;
+----------------------------------+-----------------+-----------------+---------------------------------------------------------------------------------------------+---------+
; muxGenerico4x1.vhd               ; yes             ; User VHDL File  ; D:/insper/6semestre/desComp/projeto/Relogio_Descomp/Relógio/muxGenerico4x1.vhd              ;         ;
; muxGenerico2x1.vhd               ; yes             ; User VHDL File  ; D:/insper/6semestre/desComp/projeto/Relogio_Descomp/Relógio/muxGenerico2x1.vhd              ;         ;
; logicDesvio.vhd                  ; yes             ; User VHDL File  ; D:/insper/6semestre/desComp/projeto/Relogio_Descomp/Relógio/logicDesvio.vhd                 ;         ;
; memoriaROM.vhd                   ; yes             ; User VHDL File  ; D:/insper/6semestre/desComp/projeto/Relogio_Descomp/Relógio/memoriaROM.vhd                  ;         ;
; ULASomaSub.vhd                   ; yes             ; User VHDL File  ; D:/insper/6semestre/desComp/projeto/Relogio_Descomp/Relógio/ULASomaSub.vhd                  ;         ;
; flipFlop.vhd                     ; yes             ; User VHDL File  ; D:/insper/6semestre/desComp/projeto/Relogio_Descomp/Relógio/flipFlop.vhd                    ;         ;
; buffer_3_state_8portas.vhd       ; yes             ; User VHDL File  ; D:/insper/6semestre/desComp/projeto/Relogio_Descomp/Relógio/buffer_3_state_8portas.vhd      ;         ;
; conversorHex7Seg.vhd             ; yes             ; User VHDL File  ; D:/insper/6semestre/desComp/projeto/Relogio_Descomp/Relógio/conversorHex7Seg.vhd            ;         ;
; edgeDetector.vhd                 ; yes             ; User VHDL File  ; D:/insper/6semestre/desComp/projeto/Relogio_Descomp/Relógio/edgeDetector.vhd                ;         ;
; somaConstante.vhd                ; yes             ; User VHDL File  ; D:/insper/6semestre/desComp/projeto/Relogio_Descomp/Relógio/somaConstante.vhd               ;         ;
; Aula_9.vhd                       ; yes             ; User VHDL File  ; D:/insper/6semestre/desComp/projeto/Relogio_Descomp/Relógio/Aula_9.vhd                      ;         ;
; decoderInstru.vhd                ; yes             ; User VHDL File  ; D:/insper/6semestre/desComp/projeto/Relogio_Descomp/Relógio/decoderInstru.vhd               ;         ;
; buffer_3_state.vhd               ; yes             ; User VHDL File  ; D:/insper/6semestre/desComp/projeto/Relogio_Descomp/Relógio/buffer_3_state.vhd              ;         ;
; decoder3x8.vhd                   ; yes             ; User VHDL File  ; D:/insper/6semestre/desComp/projeto/Relogio_Descomp/Relógio/decoder3x8.vhd                  ;         ;
; registradorGenerico.vhd          ; yes             ; User VHDL File  ; D:/insper/6semestre/desComp/projeto/Relogio_Descomp/Relógio/registradorGenerico.vhd         ;         ;
; memoriaRAM.vhd                   ; yes             ; User VHDL File  ; D:/insper/6semestre/desComp/projeto/Relogio_Descomp/Relógio/memoriaRAM.vhd                  ;         ;
; processador.vhd                  ; yes             ; User VHDL File  ; D:/insper/6semestre/desComp/projeto/Relogio_Descomp/Relógio/processador.vhd                 ;         ;
; bancoRegistradoresArqRegMem.vhd  ; yes             ; User VHDL File  ; D:/insper/6semestre/desComp/projeto/Relogio_Descomp/Relógio/bancoRegistradoresArqRegMem.vhd ;         ;
; divisorGenerico.vhd              ; yes             ; User VHDL File  ; D:/insper/6semestre/desComp/projeto/Relogio_Descomp/Relógio/divisorGenerico.vhd             ;         ;
+----------------------------------+-----------------+-----------------+---------------------------------------------------------------------------------------------+---------+


+--------------------------------------------------------+
; Analysis & Synthesis Resource Usage Summary            ;
+---------------------------------------------+----------+
; Resource                                    ; Usage    ;
+---------------------------------------------+----------+
; Estimate of Logic utilization (ALMs needed) ; 0        ;
;                                             ;          ;
; Combinational ALUT usage for logic          ; 0        ;
;     -- 7 input functions                    ; 0        ;
;     -- 6 input functions                    ; 0        ;
;     -- 5 input functions                    ; 0        ;
;     -- 4 input functions                    ; 0        ;
;     -- <=3 input functions                  ; 0        ;
;                                             ;          ;
; Dedicated logic registers                   ; 0        ;
;                                             ;          ;
; I/O pins                                    ; 68       ;
;                                             ;          ;
; Total DSP Blocks                            ; 0        ;
;                                             ;          ;
; Maximum fan-out node                        ; CLOCK_50 ;
; Maximum fan-out                             ; 1        ;
; Total fan-out                               ; 68       ;
; Average fan-out                             ; 0.50     ;
+---------------------------------------------+----------+


+----------------------------------------------------------------------------------------------------------------------------------------------------------------------------------------+
; Analysis & Synthesis Resource Utilization by Entity                                                                                                                                    ;
+----------------------------+---------------------+---------------------------+-------------------+------------+------+--------------+---------------------+-------------+--------------+
; Compilation Hierarchy Node ; Combinational ALUTs ; Dedicated Logic Registers ; Block Memory Bits ; DSP Blocks ; Pins ; Virtual Pins ; Full Hierarchy Name ; Entity Name ; Library Name ;
+----------------------------+---------------------+---------------------------+-------------------+------------+------+--------------+---------------------+-------------+--------------+
; |Aula_9                    ; 0 (0)               ; 0 (0)                     ; 0                 ; 0          ; 68   ; 0            ; |Aula_9             ; Aula_9      ; work         ;
+----------------------------+---------------------+---------------------------+-------------------+------------+------+--------------+---------------------+-------------+--------------+
Note: For table entries with two numbers listed, the numbers in parentheses indicate the number of resources of the given type used by the specific entity alone. The numbers listed outside of parentheses indicate the total resources of the given type used by the specific entity and all of its sub-entities in the hierarchy.


+-------------------------------------------------------------------------------------------------------------+
; Registers Removed During Synthesis                                                                          ;
+---------------------------------------------------------------+---------------------------------------------+
; Register name                                                 ; Reason for Removal                          ;
+---------------------------------------------------------------+---------------------------------------------+
; flipFlop:ffKEYR|DOUT                                          ; Stuck at VCC due to stuck port data_in      ;
; edgeDetector:detectorSubR|saidaQ                              ; Lost fanout                                 ;
; flipFlop:ffKEY3|DOUT                                          ; Stuck at VCC due to stuck port data_in      ;
; edgeDetector:detectorSub3|saidaQ                              ; Lost fanout                                 ;
; flipFlop:ffKEY2|DOUT                                          ; Stuck at VCC due to stuck port data_in      ;
; edgeDetector:detectorSub2|saidaQ                              ; Lost fanout                                 ;
; flipFlop:ffKEY1|DOUT                                          ; Stuck at VCC due to stuck port data_in      ;
; edgeDetector:detectorSub1|saidaQ                              ; Lost fanout                                 ;
; flipFlop:ffKEY0|DOUT                                          ; Stuck at VCC due to stuck port data_in      ;
; registradorGenerico:RegHex5|DOUT[0..3]                        ; Stuck at GND due to stuck port clock_enable ;
; registradorGenerico:RegHex4|DOUT[0..3]                        ; Stuck at GND due to stuck port clock_enable ;
; registradorGenerico:RegHex3|DOUT[0..3]                        ; Stuck at GND due to stuck port clock_enable ;
; registradorGenerico:RegHex2|DOUT[0..3]                        ; Stuck at GND due to stuck port clock_enable ;
; registradorGenerico:RegHex1|DOUT[0..3]                        ; Stuck at GND due to stuck port clock_enable ;
; registradorGenerico:RegHex0|DOUT[0..3]                        ; Stuck at GND due to stuck port clock_enable ;
; flipFlop:ffLed9|DOUT                                          ; Stuck at GND due to stuck port clock_enable ;
; flipFlop:ffLed8|DOUT                                          ; Stuck at GND due to stuck port clock_enable ;
; registradorGenerico:RegLed7|DOUT[0..7]                        ; Stuck at GND due to stuck port clock_enable ;
; processador:processador|flipFlop:flipFlop|DOUT                ; Lost fanout                                 ;
; processador:processador|flipFlop:flipFlop2|DOUT               ; Lost fanout                                 ;
; processador:processador|registradorGenerico:regRet|DOUT[0..8] ; Stuck at GND due to stuck port clock_enable ;
; divisorGenerico:divisorA|contador[0,1]                        ; Lost fanout                                 ;
; divisorGenerico:divisorA|tick                                 ; Lost fanout                                 ;
; divisorGenerico:divisorA|contador[2..16]                      ; Lost fanout                                 ;
; divisorGenerico:divisorN|contador[0..7]                       ; Lost fanout                                 ;
; divisorGenerico:divisorN|tick                                 ; Lost fanout                                 ;
; divisorGenerico:divisorN|contador[8..24]                      ; Lost fanout                                 ;
; processador:processador|registradorGenerico:PC|DOUT[0..8]     ; Lost fanout                                 ;
; Total Number of Removed Registers = 107                       ;                                             ;
+---------------------------------------------------------------+---------------------------------------------+


+--------------------------------------------------------------------------------------------------------------------------------------------------------------------------------+
; Removed Registers Triggering Further Register Optimizations                                                                                                                    ;
+------------------------------------------------------------+--------------------------------+----------------------------------------------------------------------------------+
; Register name                                              ; Reason for Removal             ; Registers Removed due to This Register                                           ;
+------------------------------------------------------------+--------------------------------+----------------------------------------------------------------------------------+
; flipFlop:ffKEYR|DOUT                                       ; Stuck at VCC                   ; edgeDetector:detectorSubR|saidaQ, registradorGenerico:RegHex5|DOUT[3],           ;
;                                                            ; due to stuck port data_in      ; registradorGenerico:RegHex5|DOUT[2], registradorGenerico:RegHex5|DOUT[1],        ;
;                                                            ;                                ; registradorGenerico:RegHex5|DOUT[0], registradorGenerico:RegHex4|DOUT[3],        ;
;                                                            ;                                ; registradorGenerico:RegHex4|DOUT[2], registradorGenerico:RegHex4|DOUT[1],        ;
;                                                            ;                                ; registradorGenerico:RegHex4|DOUT[0], registradorGenerico:RegHex3|DOUT[3],        ;
;                                                            ;                                ; registradorGenerico:RegHex3|DOUT[2], registradorGenerico:RegHex3|DOUT[1],        ;
;                                                            ;                                ; registradorGenerico:RegHex3|DOUT[0], registradorGenerico:RegHex2|DOUT[3],        ;
;                                                            ;                                ; registradorGenerico:RegHex2|DOUT[2], registradorGenerico:RegHex2|DOUT[1],        ;
;                                                            ;                                ; registradorGenerico:RegHex2|DOUT[0], registradorGenerico:RegHex1|DOUT[3],        ;
;                                                            ;                                ; registradorGenerico:RegHex1|DOUT[2], registradorGenerico:RegHex1|DOUT[1],        ;
;                                                            ;                                ; registradorGenerico:RegHex1|DOUT[0], registradorGenerico:RegHex0|DOUT[3],        ;
;                                                            ;                                ; registradorGenerico:RegHex0|DOUT[2], registradorGenerico:RegHex0|DOUT[1],        ;
;                                                            ;                                ; registradorGenerico:RegHex0|DOUT[0], flipFlop:ffLed9|DOUT, flipFlop:ffLed8|DOUT, ;
;                                                            ;                                ; registradorGenerico:RegLed7|DOUT[4], registradorGenerico:RegLed7|DOUT[3],        ;
;                                                            ;                                ; registradorGenerico:RegLed7|DOUT[2], registradorGenerico:RegLed7|DOUT[1],        ;
;                                                            ;                                ; registradorGenerico:RegLed7|DOUT[0],                                             ;
;                                                            ;                                ; processador:processador|registradorGenerico:PC|DOUT[0]                           ;
; divisorGenerico:divisorN|contador[7]                       ; Lost Fanouts                   ; divisorGenerico:divisorN|contador[6], divisorGenerico:divisorN|contador[5],      ;
;                                                            ;                                ; divisorGenerico:divisorN|contador[4], divisorGenerico:divisorN|contador[3],      ;
;                                                            ;                                ; divisorGenerico:divisorN|contador[2], divisorGenerico:divisorN|contador[1],      ;
;                                                            ;                                ; divisorGenerico:divisorN|contador[0], divisorGenerico:divisorN|contador[8],      ;
;                                                            ;                                ; divisorGenerico:divisorN|contador[9], divisorGenerico:divisorN|contador[10],     ;
;                                                            ;                                ; divisorGenerico:divisorN|contador[11], divisorGenerico:divisorN|contador[12]     ;
; flipFlop:ffKEY0|DOUT                                       ; Stuck at VCC                   ; divisorGenerico:divisorA|tick, divisorGenerico:divisorA|contador[7],             ;
;                                                            ; due to stuck port data_in      ; divisorGenerico:divisorA|contador[8], divisorGenerico:divisorA|contador[9],      ;
;                                                            ;                                ; divisorGenerico:divisorA|contador[10], divisorGenerico:divisorN|tick,            ;
;                                                            ;                                ; divisorGenerico:divisorN|contador[13], divisorGenerico:divisorN|contador[14],    ;
;                                                            ;                                ; divisorGenerico:divisorN|contador[15], divisorGenerico:divisorN|contador[16]     ;
; divisorGenerico:divisorA|contador[1]                       ; Lost Fanouts                   ; divisorGenerico:divisorA|contador[0], divisorGenerico:divisorA|contador[2],      ;
;                                                            ;                                ; divisorGenerico:divisorA|contador[3], divisorGenerico:divisorA|contador[4],      ;
;                                                            ;                                ; divisorGenerico:divisorA|contador[5], divisorGenerico:divisorA|contador[6]       ;
; processador:processador|flipFlop:flipFlop|DOUT             ; Lost Fanouts                   ; processador:processador|registradorGenerico:PC|DOUT[3],                          ;
;                                                            ;                                ; processador:processador|registradorGenerico:PC|DOUT[2],                          ;
;                                                            ;                                ; processador:processador|registradorGenerico:PC|DOUT[1]                           ;
; flipFlop:ffKEY3|DOUT                                       ; Stuck at VCC                   ; edgeDetector:detectorSub3|saidaQ                                                 ;
;                                                            ; due to stuck port data_in      ;                                                                                  ;
; flipFlop:ffKEY2|DOUT                                       ; Stuck at VCC                   ; edgeDetector:detectorSub2|saidaQ                                                 ;
;                                                            ; due to stuck port data_in      ;                                                                                  ;
; flipFlop:ffKEY1|DOUT                                       ; Stuck at VCC                   ; edgeDetector:detectorSub1|saidaQ                                                 ;
;                                                            ; due to stuck port data_in      ;                                                                                  ;
; processador:processador|flipFlop:flipFlop2|DOUT            ; Lost Fanouts                   ; processador:processador|registradorGenerico:PC|DOUT[4]                           ;
; processador:processador|registradorGenerico:regRet|DOUT[8] ; Stuck at GND                   ; processador:processador|registradorGenerico:PC|DOUT[5]                           ;
;                                                            ; due to stuck port clock_enable ;                                                                                  ;
+------------------------------------------------------------+--------------------------------+----------------------------------------------------------------------------------+


+------------------------------------------------------+
; General Register Statistics                          ;
+----------------------------------------------+-------+
; Statistic                                    ; Value ;
+----------------------------------------------+-------+
; Total registers                              ; 0     ;
; Number of registers using Synchronous Clear  ; 0     ;
; Number of registers using Synchronous Load   ; 0     ;
; Number of registers using Asynchronous Clear ; 0     ;
; Number of registers using Asynchronous Load  ; 0     ;
; Number of registers using Clock Enable       ; 0     ;
; Number of registers using Preset             ; 0     ;
+----------------------------------------------+-------+


+------------------------------------------------------------------------+
; Parameter Settings for User Entity Instance: Top-level Entity: |Aula_9 ;
+------------------+-------+---------------------------------------------+
; Parameter Name   ; Value ; Type                                        ;
+------------------+-------+---------------------------------------------+
; larguraDados     ; 8     ; Signed Integer                              ;
; larguraEnderecos ; 9     ; Signed Integer                              ;
; tamanhoCommando  ; 2     ; Signed Integer                              ;
; size             ; 1     ; Signed Integer                              ;
; simulacao        ; true  ; Enumerated                                  ;
+------------------+-------+---------------------------------------------+
Note: In order to hide this table in the UI and the text report file, please set the "Show Parameter Settings in Synthesis Report" option in "Analysis and Synthesis Settings -> More Settings" to "Off".


+--------------------------------------------------------------+
; Parameter Settings for User Entity Instance: memoriaROM:ROM1 ;
+----------------+-------+-------------------------------------+
; Parameter Name ; Value ; Type                                ;
+----------------+-------+-------------------------------------+
; datawidth      ; 16    ; Signed Integer                      ;
; addrwidth      ; 9     ; Signed Integer                      ;
+----------------+-------+-------------------------------------+
Note: In order to hide this table in the UI and the text report file, please set the "Show Parameter Settings in Synthesis Report" option in "Analysis and Synthesis Settings -> More Settings" to "Off".


+--------------------------------------------------------------------+
; Parameter Settings for User Entity Instance: memoriaRAM:memoriaRAM ;
+----------------+-------+-------------------------------------------+
; Parameter Name ; Value ; Type                                      ;
+----------------+-------+-------------------------------------------+
; datawidth      ; 8     ; Signed Integer                            ;
; addrwidth      ; 8     ; Signed Integer                            ;
+----------------+-------+-------------------------------------------+
Note: In order to hide this table in the UI and the text report file, please set the "Show Parameter Settings in Synthesis Report" option in "Analysis and Synthesis Settings -> More Settings" to "Off".


+----------------------------------------------------------------------+
; Parameter Settings for User Entity Instance: processador:processador ;
+------------------+-------+-------------------------------------------+
; Parameter Name   ; Value ; Type                                      ;
+------------------+-------+-------------------------------------------+
; larguradados     ; 8     ; Signed Integer                            ;
; larguraenderecos ; 9     ; Signed Integer                            ;
; tamanhocommando  ; 2     ; Signed Integer                            ;
+------------------+-------+-------------------------------------------+
Note: In order to hide this table in the UI and the text report file, please set the "Show Parameter Settings in Synthesis Report" option in "Analysis and Synthesis Settings -> More Settings" to "Off".


+------------------------------------------------------------------------------------------+
; Parameter Settings for User Entity Instance: processador:processador|muxGenerico2x1:MUX1 ;
+----------------+-------+-----------------------------------------------------------------+
; Parameter Name ; Value ; Type                                                            ;
+----------------+-------+-----------------------------------------------------------------+
; larguradados   ; 8     ; Signed Integer                                                  ;
+----------------+-------+-----------------------------------------------------------------+
Note: In order to hide this table in the UI and the text report file, please set the "Show Parameter Settings in Synthesis Report" option in "Analysis and Synthesis Settings -> More Settings" to "Off".


+--------------------------------------------------------------------------------------------+
; Parameter Settings for User Entity Instance: processador:processador|muxGenerico4x1:MUXJMP ;
+----------------+-------+-------------------------------------------------------------------+
; Parameter Name ; Value ; Type                                                              ;
+----------------+-------+-------------------------------------------------------------------+
; larguradados   ; 9     ; Signed Integer                                                    ;
+----------------+-------+-------------------------------------------------------------------+
Note: In order to hide this table in the UI and the text report file, please set the "Show Parameter Settings in Synthesis Report" option in "Analysis and Synthesis Settings -> More Settings" to "Off".


+-----------------------------------------------------------------------------------------------------------+
; Parameter Settings for User Entity Instance: processador:processador|bancoRegistradoresArqRegMem:bancoReg ;
+---------------------+-------+-----------------------------------------------------------------------------+
; Parameter Name      ; Value ; Type                                                                        ;
+---------------------+-------+-----------------------------------------------------------------------------+
; larguradados        ; 8     ; Signed Integer                                                              ;
; larguraendbancoregs ; 3     ; Signed Integer                                                              ;
+---------------------+-------+-----------------------------------------------------------------------------+
Note: In order to hide this table in the UI and the text report file, please set the "Show Parameter Settings in Synthesis Report" option in "Analysis and Synthesis Settings -> More Settings" to "Off".


+---------------------------------------------------------------------------------------------+
; Parameter Settings for User Entity Instance: processador:processador|registradorGenerico:PC ;
+----------------+-------+--------------------------------------------------------------------+
; Parameter Name ; Value ; Type                                                               ;
+----------------+-------+--------------------------------------------------------------------+
; larguradados   ; 9     ; Signed Integer                                                     ;
+----------------+-------+--------------------------------------------------------------------+
Note: In order to hide this table in the UI and the text report file, please set the "Show Parameter Settings in Synthesis Report" option in "Analysis and Synthesis Settings -> More Settings" to "Off".


+-------------------------------------------------------------------------------------------------+
; Parameter Settings for User Entity Instance: processador:processador|somaConstante:incrementaPC ;
+----------------+-------+------------------------------------------------------------------------+
; Parameter Name ; Value ; Type                                                                   ;
+----------------+-------+------------------------------------------------------------------------+
; larguradados   ; 9     ; Signed Integer                                                         ;
; constante      ; 1     ; Signed Integer                                                         ;
+----------------+-------+------------------------------------------------------------------------+
Note: In order to hide this table in the UI and the text report file, please set the "Show Parameter Settings in Synthesis Report" option in "Analysis and Synthesis Settings -> More Settings" to "Off".


+-------------------------------------------------------------------------------------------------+
; Parameter Settings for User Entity Instance: processador:processador|registradorGenerico:regRet ;
+----------------+-------+------------------------------------------------------------------------+
; Parameter Name ; Value ; Type                                                                   ;
+----------------+-------+------------------------------------------------------------------------+
; larguradados   ; 9     ; Signed Integer                                                         ;
+----------------+-------+------------------------------------------------------------------------+
Note: In order to hide this table in the UI and the text report file, please set the "Show Parameter Settings in Synthesis Report" option in "Analysis and Synthesis Settings -> More Settings" to "Off".


+--------------------------------------------------------------------------------------+
; Parameter Settings for User Entity Instance: processador:processador|ULASomaSub:ULA1 ;
+-----------------+-------+------------------------------------------------------------+
; Parameter Name  ; Value ; Type                                                       ;
+-----------------+-------+------------------------------------------------------------+
; larguradados    ; 8     ; Signed Integer                                             ;
; tamanhocommando ; 2     ; Signed Integer                                             ;
+-----------------+-------+------------------------------------------------------------+
Note: In order to hide this table in the UI and the text report file, please set the "Show Parameter Settings in Synthesis Report" option in "Analysis and Synthesis Settings -> More Settings" to "Off".


+--------------------------------------------------------------------------+
; Parameter Settings for User Entity Instance: registradorGenerico:RegLed7 ;
+----------------+-------+-------------------------------------------------+
; Parameter Name ; Value ; Type                                            ;
+----------------+-------+-------------------------------------------------+
; larguradados   ; 8     ; Signed Integer                                  ;
+----------------+-------+-------------------------------------------------+
Note: In order to hide this table in the UI and the text report file, please set the "Show Parameter Settings in Synthesis Report" option in "Analysis and Synthesis Settings -> More Settings" to "Off".


+--------------------------------------------------------------------------+
; Parameter Settings for User Entity Instance: registradorGenerico:RegHex0 ;
+----------------+-------+-------------------------------------------------+
; Parameter Name ; Value ; Type                                            ;
+----------------+-------+-------------------------------------------------+
; larguradados   ; 4     ; Signed Integer                                  ;
+----------------+-------+-------------------------------------------------+
Note: In order to hide this table in the UI and the text report file, please set the "Show Parameter Settings in Synthesis Report" option in "Analysis and Synthesis Settings -> More Settings" to "Off".


+--------------------------------------------------------------------------+
; Parameter Settings for User Entity Instance: registradorGenerico:RegHex1 ;
+----------------+-------+-------------------------------------------------+
; Parameter Name ; Value ; Type                                            ;
+----------------+-------+-------------------------------------------------+
; larguradados   ; 4     ; Signed Integer                                  ;
+----------------+-------+-------------------------------------------------+
Note: In order to hide this table in the UI and the text report file, please set the "Show Parameter Settings in Synthesis Report" option in "Analysis and Synthesis Settings -> More Settings" to "Off".


+--------------------------------------------------------------------------+
; Parameter Settings for User Entity Instance: registradorGenerico:RegHex2 ;
+----------------+-------+-------------------------------------------------+
; Parameter Name ; Value ; Type                                            ;
+----------------+-------+-------------------------------------------------+
; larguradados   ; 4     ; Signed Integer                                  ;
+----------------+-------+-------------------------------------------------+
Note: In order to hide this table in the UI and the text report file, please set the "Show Parameter Settings in Synthesis Report" option in "Analysis and Synthesis Settings -> More Settings" to "Off".


+--------------------------------------------------------------------------+
; Parameter Settings for User Entity Instance: registradorGenerico:RegHex3 ;
+----------------+-------+-------------------------------------------------+
; Parameter Name ; Value ; Type                                            ;
+----------------+-------+-------------------------------------------------+
; larguradados   ; 4     ; Signed Integer                                  ;
+----------------+-------+-------------------------------------------------+
Note: In order to hide this table in the UI and the text report file, please set the "Show Parameter Settings in Synthesis Report" option in "Analysis and Synthesis Settings -> More Settings" to "Off".


+--------------------------------------------------------------------------+
; Parameter Settings for User Entity Instance: registradorGenerico:RegHex4 ;
+----------------+-------+-------------------------------------------------+
; Parameter Name ; Value ; Type                                            ;
+----------------+-------+-------------------------------------------------+
; larguradados   ; 4     ; Signed Integer                                  ;
+----------------+-------+-------------------------------------------------+
Note: In order to hide this table in the UI and the text report file, please set the "Show Parameter Settings in Synthesis Report" option in "Analysis and Synthesis Settings -> More Settings" to "Off".


+--------------------------------------------------------------------------+
; Parameter Settings for User Entity Instance: registradorGenerico:RegHex5 ;
+----------------+-------+-------------------------------------------------+
; Parameter Name ; Value ; Type                                            ;
+----------------+-------+-------------------------------------------------+
; larguradados   ; 4     ; Signed Integer                                  ;
+----------------+-------+-------------------------------------------------+
Note: In order to hide this table in the UI and the text report file, please set the "Show Parameter Settings in Synthesis Report" option in "Analysis and Synthesis Settings -> More Settings" to "Off".


+-----------------------------------------------------------------------+
; Parameter Settings for User Entity Instance: divisorGenerico:divisorN ;
+----------------+----------+-------------------------------------------+
; Parameter Name ; Value    ; Type                                      ;
+----------------+----------+-------------------------------------------+
; divisor        ; 25000000 ; Signed Integer                            ;
+----------------+----------+-------------------------------------------+
Note: In order to hide this table in the UI and the text report file, please set the "Show Parameter Settings in Synthesis Report" option in "Analysis and Synthesis Settings -> More Settings" to "Off".


+-----------------------------------------------------------------------+
; Parameter Settings for User Entity Instance: divisorGenerico:divisorA ;
+----------------+--------+---------------------------------------------+
; Parameter Name ; Value  ; Type                                        ;
+----------------+--------+---------------------------------------------+
; divisor        ; 100000 ; Signed Integer                              ;
+----------------+--------+---------------------------------------------+
Note: In order to hide this table in the UI and the text report file, please set the "Show Parameter Settings in Synthesis Report" option in "Analysis and Synthesis Settings -> More Settings" to "Off".


+----------------------------------------------------------------------+
; Parameter Settings for User Entity Instance: muxGenerico2x1:muxClock ;
+----------------+-------+---------------------------------------------+
; Parameter Name ; Value ; Type                                        ;
+----------------+-------+---------------------------------------------+
; larguradados   ; 1     ; Signed Integer                              ;
+----------------+-------+---------------------------------------------+
Note: In order to hide this table in the UI and the text report file, please set the "Show Parameter Settings in Synthesis Report" option in "Analysis and Synthesis Settings -> More Settings" to "Off".


+---------------------------------------------+
; Port Connectivity Checks: "flipFlop:ffKEYR" ;
+--------+-------+----------+-----------------+
; Port   ; Type  ; Severity ; Details         ;
+--------+-------+----------+-----------------+
; din    ; Input ; Info     ; Stuck at VCC    ;
; enable ; Input ; Info     ; Stuck at VCC    ;
+--------+-------+----------+-----------------+


+---------------------------------------------+
; Port Connectivity Checks: "flipFlop:ffKEY3" ;
+--------+-------+----------+-----------------+
; Port   ; Type  ; Severity ; Details         ;
+--------+-------+----------+-----------------+
; din    ; Input ; Info     ; Stuck at VCC    ;
; enable ; Input ; Info     ; Stuck at VCC    ;
+--------+-------+----------+-----------------+


+---------------------------------------------+
; Port Connectivity Checks: "flipFlop:ffKEY2" ;
+--------+-------+----------+-----------------+
; Port   ; Type  ; Severity ; Details         ;
+--------+-------+----------+-----------------+
; din    ; Input ; Info     ; Stuck at VCC    ;
; enable ; Input ; Info     ; Stuck at VCC    ;
+--------+-------+----------+-----------------+


+---------------------------------------------+
; Port Connectivity Checks: "flipFlop:ffKEY1" ;
+--------+-------+----------+-----------------+
; Port   ; Type  ; Severity ; Details         ;
+--------+-------+----------+-----------------+
; din    ; Input ; Info     ; Stuck at VCC    ;
; enable ; Input ; Info     ; Stuck at VCC    ;
+--------+-------+----------+-----------------+


+---------------------------------------------+
; Port Connectivity Checks: "flipFlop:ffKEY0" ;
+--------+-------+----------+-----------------+
; Port   ; Type  ; Severity ; Details         ;
+--------+-------+----------+-----------------+
; din    ; Input ; Info     ; Stuck at VCC    ;
; enable ; Input ; Info     ; Stuck at VCC    ;
+--------+-------+----------+-----------------+


+------------------------------------------------------+
; Port Connectivity Checks: "conversorHex7Seg:ConHex5" ;
+----------+-------+----------+------------------------+
; Port     ; Type  ; Severity ; Details                ;
+----------+-------+----------+------------------------+
; apaga    ; Input ; Info     ; Stuck at GND           ;
; negativo ; Input ; Info     ; Stuck at GND           ;
; overflow ; Input ; Info     ; Stuck at GND           ;
+----------+-------+----------+------------------------+


+------------------------------------------------------+
; Port Connectivity Checks: "conversorHex7Seg:ConHex4" ;
+----------+-------+----------+------------------------+
; Port     ; Type  ; Severity ; Details                ;
+----------+-------+----------+------------------------+
; apaga    ; Input ; Info     ; Stuck at GND           ;
; negativo ; Input ; Info     ; Stuck at GND           ;
; overflow ; Input ; Info     ; Stuck at GND           ;
+----------+-------+----------+------------------------+


+------------------------------------------------------+
; Port Connectivity Checks: "conversorHex7Seg:ConHex3" ;
+----------+-------+----------+------------------------+
; Port     ; Type  ; Severity ; Details                ;
+----------+-------+----------+------------------------+
; apaga    ; Input ; Info     ; Stuck at GND           ;
; negativo ; Input ; Info     ; Stuck at GND           ;
; overflow ; Input ; Info     ; Stuck at GND           ;
+----------+-------+----------+------------------------+


+------------------------------------------------------+
; Port Connectivity Checks: "conversorHex7Seg:ConHex2" ;
+----------+-------+----------+------------------------+
; Port     ; Type  ; Severity ; Details                ;
+----------+-------+----------+------------------------+
; apaga    ; Input ; Info     ; Stuck at GND           ;
; negativo ; Input ; Info     ; Stuck at GND           ;
; overflow ; Input ; Info     ; Stuck at GND           ;
+----------+-------+----------+------------------------+


+------------------------------------------------------+
; Port Connectivity Checks: "conversorHex7Seg:ConHex1" ;
+----------+-------+----------+------------------------+
; Port     ; Type  ; Severity ; Details                ;
+----------+-------+----------+------------------------+
; apaga    ; Input ; Info     ; Stuck at GND           ;
; negativo ; Input ; Info     ; Stuck at GND           ;
; overflow ; Input ; Info     ; Stuck at GND           ;
+----------+-------+----------+------------------------+


+------------------------------------------------------+
; Port Connectivity Checks: "conversorHex7Seg:ConHex0" ;
+----------+-------+----------+------------------------+
; Port     ; Type  ; Severity ; Details                ;
+----------+-------+----------+------------------------+
; apaga    ; Input ; Info     ; Stuck at GND           ;
; negativo ; Input ; Info     ; Stuck at GND           ;
; overflow ; Input ; Info     ; Stuck at GND           ;
+----------+-------+----------+------------------------+


+---------------------------------------------------------+
; Port Connectivity Checks: "registradorGenerico:RegHex5" ;
+------+-------+----------+-------------------------------+
; Port ; Type  ; Severity ; Details                       ;
+------+-------+----------+-------------------------------+
; rst  ; Input ; Info     ; Stuck at GND                  ;
+------+-------+----------+-------------------------------+


+---------------------------------------------------------+
; Port Connectivity Checks: "registradorGenerico:RegHex4" ;
+------+-------+----------+-------------------------------+
; Port ; Type  ; Severity ; Details                       ;
+------+-------+----------+-------------------------------+
; rst  ; Input ; Info     ; Stuck at GND                  ;
+------+-------+----------+-------------------------------+


+---------------------------------------------------------+
; Port Connectivity Checks: "registradorGenerico:RegHex3" ;
+------+-------+----------+-------------------------------+
; Port ; Type  ; Severity ; Details                       ;
+------+-------+----------+-------------------------------+
; rst  ; Input ; Info     ; Stuck at GND                  ;
+------+-------+----------+-------------------------------+


+---------------------------------------------------------+
; Port Connectivity Checks: "registradorGenerico:RegHex2" ;
+------+-------+----------+-------------------------------+
; Port ; Type  ; Severity ; Details                       ;
+------+-------+----------+-------------------------------+
; rst  ; Input ; Info     ; Stuck at GND                  ;
+------+-------+----------+-------------------------------+


+---------------------------------------------------------+
; Port Connectivity Checks: "registradorGenerico:RegHex1" ;
+------+-------+----------+-------------------------------+
; Port ; Type  ; Severity ; Details                       ;
+------+-------+----------+-------------------------------+
; rst  ; Input ; Info     ; Stuck at GND                  ;
+------+-------+----------+-------------------------------+


+---------------------------------------------------------+
; Port Connectivity Checks: "registradorGenerico:RegHex0" ;
+------+-------+----------+-------------------------------+
; Port ; Type  ; Severity ; Details                       ;
+------+-------+----------+-------------------------------+
; rst  ; Input ; Info     ; Stuck at GND                  ;
+------+-------+----------+-------------------------------+


+---------------------------------------------+
; Port Connectivity Checks: "flipFlop:ffLed9" ;
+------+-------+----------+-------------------+
; Port ; Type  ; Severity ; Details           ;
+------+-------+----------+-------------------+
; rst  ; Input ; Info     ; Stuck at GND      ;
+------+-------+----------+-------------------+


+---------------------------------------------+
; Port Connectivity Checks: "flipFlop:ffLed8" ;
+------+-------+----------+-------------------+
; Port ; Type  ; Severity ; Details           ;
+------+-------+----------+-------------------+
; rst  ; Input ; Info     ; Stuck at GND      ;
+------+-------+----------+-------------------+


+---------------------------------------------------------+
; Port Connectivity Checks: "registradorGenerico:RegLed7" ;
+------+-------+----------+-------------------------------+
; Port ; Type  ; Severity ; Details                       ;
+------+-------+----------+-------------------------------+
; rst  ; Input ; Info     ; Stuck at GND                  ;
+------+-------+----------+-------------------------------+


+-----------------------------------------------------------------------------------------------------------------------+
; Port Connectivity Checks: "decoder3x8:decoderEnd"                                                                     ;
+-------------+--------+----------+-------------------------------------------------------------------------------------+
; Port        ; Type   ; Severity ; Details                                                                             ;
+-------------+--------+----------+-------------------------------------------------------------------------------------+
; saida[7..6] ; Output ; Info     ; Connected to dangling logic. Logic that only feeds a dangling port will be removed. ;
+-------------+--------+----------+-------------------------------------------------------------------------------------+


+-----------------------------------------------------------------------------------------------------------------------+
; Port Connectivity Checks: "decoder3x8:decoderBloco"                                                                   ;
+-------------+--------+----------+-------------------------------------------------------------------------------------+
; Port        ; Type   ; Severity ; Details                                                                             ;
+-------------+--------+----------+-------------------------------------------------------------------------------------+
; saida[7..6] ; Output ; Info     ; Connected to dangling logic. Logic that only feeds a dangling port will be removed. ;
; saida[3..1] ; Output ; Info     ; Connected to dangling logic. Logic that only feeds a dangling port will be removed. ;
+-------------+--------+----------+-------------------------------------------------------------------------------------+


+------------------------------------------------------------------------+
; Port Connectivity Checks: "processador:processador|flipFlop:flipFlop2" ;
+------+-------+----------+----------------------------------------------+
; Port ; Type  ; Severity ; Details                                      ;
+------+-------+----------+----------------------------------------------+
; rst  ; Input ; Info     ; Stuck at GND                                 ;
+------+-------+----------+----------------------------------------------+


+-----------------------------------------------------------------------+
; Port Connectivity Checks: "processador:processador|flipFlop:flipFlop" ;
+------+-------+----------+---------------------------------------------+
; Port ; Type  ; Severity ; Details                                     ;
+------+-------+----------+---------------------------------------------+
; rst  ; Input ; Info     ; Stuck at GND                                ;
+------+-------+----------+---------------------------------------------+


+--------------------------------------------------------------------------------+
; Port Connectivity Checks: "processador:processador|registradorGenerico:regRet" ;
+------+-------+----------+------------------------------------------------------+
; Port ; Type  ; Severity ; Details                                              ;
+------+-------+----------+------------------------------------------------------+
; rst  ; Input ; Info     ; Stuck at GND                                         ;
+------+-------+----------+------------------------------------------------------+


+----------------------------------------------------------------------------+
; Port Connectivity Checks: "processador:processador|registradorGenerico:PC" ;
+--------+-------+----------+------------------------------------------------+
; Port   ; Type  ; Severity ; Details                                        ;
+--------+-------+----------+------------------------------------------------+
; enable ; Input ; Info     ; Stuck at VCC                                   ;
+--------+-------+----------+------------------------------------------------+


+---------------------------------------------------------------------------+
; Port Connectivity Checks: "processador:processador|muxGenerico4x1:MUXJMP" ;
+--------------+-------+----------+-----------------------------------------+
; Port         ; Type  ; Severity ; Details                                 ;
+--------------+-------+----------+-----------------------------------------+
; entradad_mux ; Input ; Info     ; Stuck at GND                            ;
+--------------+-------+----------+-----------------------------------------+


+-----------------------------------------------------+
; Port Connectivity Checks: "processador:processador" ;
+-------+-------+----------+--------------------------+
; Port  ; Type  ; Severity ; Details                  ;
+-------+-------+----------+--------------------------+
; reset ; Input ; Info     ; Stuck at GND             ;
+-------+-------+----------+--------------------------+


+-----------------------------------------------------+
; Post-Synthesis Netlist Statistics for Top Partition ;
+-----------------------+-----------------------------+
; Type                  ; Count                       ;
+-----------------------+-----------------------------+
; arriav_lcell_comb     ; 2                           ;
;     normal            ; 2                           ;
;         0 data inputs ; 2                           ;
; boundary_port         ; 68                          ;
;                       ;                             ;
; Max LUT depth         ; 0.00                        ;
; Average LUT depth     ; 0.00                        ;
+-----------------------+-----------------------------+


+-------------------------------+
; Elapsed Time Per Partition    ;
+----------------+--------------+
; Partition Name ; Elapsed Time ;
+----------------+--------------+
; Top            ; 00:00:00     ;
+----------------+--------------+


+-------------------------------+
; Analysis & Synthesis Messages ;
+-------------------------------+
Info: *******************************************************************
Info: Running Quartus Prime Analysis & Synthesis
    Info: Version 20.1.0 Build 711 06/05/2020 SJ Lite Edition
    Info: Processing started: Fri Nov 04 14:40:15 2022
Info: Command: quartus_map --read_settings_files=on --write_settings_files=off Aula_9 -c Aula_9
Info (20030): Parallel compilation is enabled and will use 4 of the 4 processors detected
Info (12021): Found 2 design units, including 1 entities, in source file muxgenerico4x1.vhd
    Info (12022): Found design unit 1: muxGenerico4x1-comportamento File: D:/insper/6semestre/desComp/projeto/Relogio_Descomp/Relógio/muxGenerico4x1.vhd Line: 14
    Info (12023): Found entity 1: muxGenerico4x1 File: D:/insper/6semestre/desComp/projeto/Relogio_Descomp/Relógio/muxGenerico4x1.vhd Line: 4
Info (12021): Found 2 design units, including 1 entities, in source file muxgenerico2x1.vhd
    Info (12022): Found design unit 1: muxGenerico2x1-comportamento File: D:/insper/6semestre/desComp/projeto/Relogio_Descomp/Relógio/muxGenerico2x1.vhd Line: 14
    Info (12023): Found entity 1: muxGenerico2x1 File: D:/insper/6semestre/desComp/projeto/Relogio_Descomp/Relógio/muxGenerico2x1.vhd Line: 4
Info (12021): Found 2 design units, including 1 entities, in source file logicdesvio.vhd
    Info (12022): Found design unit 1: logicDesvio-comportamento File: D:/insper/6semestre/desComp/projeto/Relogio_Descomp/Relógio/logicDesvio.vhd Line: 16
    Info (12023): Found entity 1: logicDesvio File: D:/insper/6semestre/desComp/projeto/Relogio_Descomp/Relógio/logicDesvio.vhd Line: 4
Info (12021): Found 2 design units, including 1 entities, in source file memoriarom.vhd
    Info (12022): Found design unit 1: memoriaROM-assincrona File: D:/insper/6semestre/desComp/projeto/Relogio_Descomp/Relógio/memoriaROM.vhd Line: 16
    Info (12023): Found entity 1: memoriaROM File: D:/insper/6semestre/desComp/projeto/Relogio_Descomp/Relógio/memoriaROM.vhd Line: 5
Info (12021): Found 2 design units, including 1 entities, in source file ulasomasub.vhd
    Info (12022): Found design unit 1: ULASomaSub-comportamento File: D:/insper/6semestre/desComp/projeto/Relogio_Descomp/Relógio/ULASomaSub.vhd Line: 18
    Info (12023): Found entity 1: ULASomaSub File: D:/insper/6semestre/desComp/projeto/Relogio_Descomp/Relógio/ULASomaSub.vhd Line: 5
Info (12021): Found 2 design units, including 1 entities, in source file flipflop.vhd
    Info (12022): Found design unit 1: flipFlop-comportamento File: D:/insper/6semestre/desComp/projeto/Relogio_Descomp/Relógio/flipFlop.vhd Line: 12
    Info (12023): Found entity 1: flipFlop File: D:/insper/6semestre/desComp/projeto/Relogio_Descomp/Relógio/flipFlop.vhd Line: 4
Info (12021): Found 2 design units, including 1 entities, in source file buffer_3_state_8portas.vhd
    Info (12022): Found design unit 1: buffer_3_state_8portas-comportamento File: D:/insper/6semestre/desComp/projeto/Relogio_Descomp/Relógio/buffer_3_state_8portas.vhd Line: 11
    Info (12023): Found entity 1: buffer_3_state_8portas File: D:/insper/6semestre/desComp/projeto/Relogio_Descomp/Relógio/buffer_3_state_8portas.vhd Line: 4
Info (12021): Found 2 design units, including 1 entities, in source file conversorhex7seg.vhd
    Info (12022): Found design unit 1: conversorHex7Seg-comportamento File: D:/insper/6semestre/desComp/projeto/Relogio_Descomp/Relógio/conversorHex7Seg.vhd Line: 17
    Info (12023): Found entity 1: conversorHex7Seg File: D:/insper/6semestre/desComp/projeto/Relogio_Descomp/Relógio/conversorHex7Seg.vhd Line: 4
Info (12021): Found 3 design units, including 1 entities, in source file edgedetector.vhd
    Info (12022): Found design unit 1: edgeDetector-bordaSubida File: D:/insper/6semestre/desComp/projeto/Relogio_Descomp/Relógio/edgeDetector.vhd Line: 10
    Info (12022): Found design unit 2: edgeDetector-bordaDescida File: D:/insper/6semestre/desComp/projeto/Relogio_Descomp/Relógio/edgeDetector.vhd Line: 23
    Info (12023): Found entity 1: edgeDetector File: D:/insper/6semestre/desComp/projeto/Relogio_Descomp/Relógio/edgeDetector.vhd Line: 4
Info (12021): Found 2 design units, including 1 entities, in source file somaconstante.vhd
    Info (12022): Found design unit 1: somaConstante-comportamento File: D:/insper/6semestre/desComp/projeto/Relogio_Descomp/Relógio/somaConstante.vhd Line: 18
    Info (12023): Found entity 1: somaConstante File: D:/insper/6semestre/desComp/projeto/Relogio_Descomp/Relógio/somaConstante.vhd Line: 5
Info (12021): Found 2 design units, including 1 entities, in source file aula_9.vhd
    Info (12022): Found design unit 1: Aula_9-arquitetura File: D:/insper/6semestre/desComp/projeto/Relogio_Descomp/Relógio/Aula_9.vhd Line: 37
    Info (12023): Found entity 1: Aula_9 File: D:/insper/6semestre/desComp/projeto/Relogio_Descomp/Relógio/Aula_9.vhd Line: 4
Info (12021): Found 2 design units, including 1 entities, in source file decoderinstru.vhd
    Info (12022): Found design unit 1: decoderInstru-comportamento File: D:/insper/6semestre/desComp/projeto/Relogio_Descomp/Relógio/decoderInstru.vhd Line: 10
    Info (12023): Found entity 1: decoderInstru File: D:/insper/6semestre/desComp/projeto/Relogio_Descomp/Relógio/decoderInstru.vhd Line: 4
Info (12021): Found 2 design units, including 1 entities, in source file buffer_3_state.vhd
    Info (12022): Found design unit 1: buffer_3_state-comportamento File: D:/insper/6semestre/desComp/projeto/Relogio_Descomp/Relógio/buffer_3_state.vhd Line: 11
    Info (12023): Found entity 1: buffer_3_state File: D:/insper/6semestre/desComp/projeto/Relogio_Descomp/Relógio/buffer_3_state.vhd Line: 4
Info (12021): Found 2 design units, including 1 entities, in source file decoder3x8.vhd
    Info (12022): Found design unit 1: decoder3x8-comportamento File: D:/insper/6semestre/desComp/projeto/Relogio_Descomp/Relógio/decoder3x8.vhd Line: 10
    Info (12023): Found entity 1: decoder3x8 File: D:/insper/6semestre/desComp/projeto/Relogio_Descomp/Relógio/decoder3x8.vhd Line: 4
Info (12021): Found 2 design units, including 1 entities, in source file muxjmp.vhd
    Info (12022): Found design unit 1: muxJmp-comportamento File: D:/insper/6semestre/desComp/projeto/Relogio_Descomp/Relógio/muxJmp.vhd Line: 14
    Info (12023): Found entity 1: muxJmp File: D:/insper/6semestre/desComp/projeto/Relogio_Descomp/Relógio/muxJmp.vhd Line: 4
Info (12021): Found 2 design units, including 1 entities, in source file registradorgenerico.vhd
    Info (12022): Found design unit 1: registradorGenerico-comportamento File: D:/insper/6semestre/desComp/projeto/Relogio_Descomp/Relógio/registradorGenerico.vhd Line: 15
    Info (12023): Found entity 1: registradorGenerico File: D:/insper/6semestre/desComp/projeto/Relogio_Descomp/Relógio/registradorGenerico.vhd Line: 4
Info (12021): Found 2 design units, including 1 entities, in source file memoriaram.vhd
    Info (12022): Found design unit 1: memoriaRAM-rtl File: D:/insper/6semestre/desComp/projeto/Relogio_Descomp/Relógio/memoriaRAM.vhd Line: 21
    Info (12023): Found entity 1: memoriaRAM File: D:/insper/6semestre/desComp/projeto/Relogio_Descomp/Relógio/memoriaRAM.vhd Line: 5
Info (12021): Found 2 design units, including 1 entities, in source file processador.vhd
    Info (12022): Found design unit 1: processador-arquitetura File: D:/insper/6semestre/desComp/projeto/Relogio_Descomp/Relógio/processador.vhd Line: 25
    Info (12023): Found entity 1: processador File: D:/insper/6semestre/desComp/projeto/Relogio_Descomp/Relógio/processador.vhd Line: 4
Info (12021): Found 2 design units, including 1 entities, in source file bancoregistradoresarqregmem.vhd
    Info (12022): Found design unit 1: bancoRegistradoresArqRegMem-comportamento File: D:/insper/6semestre/desComp/projeto/Relogio_Descomp/Relógio/bancoRegistradoresArqRegMem.vhd Line: 23
    Info (12023): Found entity 1: bancoRegistradoresArqRegMem File: D:/insper/6semestre/desComp/projeto/Relogio_Descomp/Relógio/bancoRegistradoresArqRegMem.vhd Line: 5
Info (12021): Found 2 design units, including 1 entities, in source file divisorgenerico.vhd
    Info (12022): Found design unit 1: divisorGenerico-divInteiro File: D:/insper/6semestre/desComp/projeto/Relogio_Descomp/Relógio/divisorGenerico.vhd Line: 15
    Info (12023): Found entity 1: divisorGenerico File: D:/insper/6semestre/desComp/projeto/Relogio_Descomp/Relógio/divisorGenerico.vhd Line: 5
Info (12127): Elaborating entity "Aula_9" for the top level hierarchy
Info (12128): Elaborating entity "memoriaROM" for hierarchy "memoriaROM:ROM1" File: D:/insper/6semestre/desComp/projeto/Relogio_Descomp/Relógio/Aula_9.vhd Line: 120
Warning (10542): VHDL Variable Declaration warning at memoriaROM.vhd(37): used initial value expression for variable "tmp" because variable was never assigned a value File: D:/insper/6semestre/desComp/projeto/Relogio_Descomp/Relógio/memoriaROM.vhd Line: 37
Info (12128): Elaborating entity "memoriaRAM" for hierarchy "memoriaRAM:memoriaRAM" File: D:/insper/6semestre/desComp/projeto/Relogio_Descomp/Relógio/Aula_9.vhd Line: 123
Info (12128): Elaborating entity "processador" for hierarchy "processador:processador" File: D:/insper/6semestre/desComp/projeto/Relogio_Descomp/Relógio/Aula_9.vhd Line: 127
Info (12128): Elaborating entity "muxGenerico2x1" for hierarchy "processador:processador|muxGenerico2x1:MUX1" File: D:/insper/6semestre/desComp/projeto/Relogio_Descomp/Relógio/processador.vhd Line: 47
Info (12128): Elaborating entity "muxGenerico4x1" for hierarchy "processador:processador|muxGenerico4x1:MUXJMP" File: D:/insper/6semestre/desComp/projeto/Relogio_Descomp/Relógio/processador.vhd Line: 53
Info (12128): Elaborating entity "bancoRegistradoresArqRegMem" for hierarchy "processador:processador|bancoRegistradoresArqRegMem:bancoReg" File: D:/insper/6semestre/desComp/projeto/Relogio_Descomp/Relógio/processador.vhd Line: 69
Info (12128): Elaborating entity "registradorGenerico" for hierarchy "processador:processador|registradorGenerico:PC" File: D:/insper/6semestre/desComp/projeto/Relogio_Descomp/Relógio/processador.vhd Line: 77
Info (12128): Elaborating entity "somaConstante" for hierarchy "processador:processador|somaConstante:incrementaPC" File: D:/insper/6semestre/desComp/projeto/Relogio_Descomp/Relógio/processador.vhd Line: 80
Info (12128): Elaborating entity "flipFlop" for hierarchy "processador:processador|flipFlop:flipFlop" File: D:/insper/6semestre/desComp/projeto/Relogio_Descomp/Relógio/processador.vhd Line: 86
Info (12128): Elaborating entity "ULASomaSub" for hierarchy "processador:processador|ULASomaSub:ULA1" File: D:/insper/6semestre/desComp/projeto/Relogio_Descomp/Relógio/processador.vhd Line: 93
Info (12128): Elaborating entity "decoderInstru" for hierarchy "processador:processador|decoderInstru:decoderInstru" File: D:/insper/6semestre/desComp/projeto/Relogio_Descomp/Relógio/processador.vhd Line: 96
Info (12128): Elaborating entity "logicDesvio" for hierarchy "processador:processador|logicDesvio:logicDesvio" File: D:/insper/6semestre/desComp/projeto/Relogio_Descomp/Relógio/processador.vhd Line: 99
Info (12128): Elaborating entity "decoder3x8" for hierarchy "decoder3x8:decoderBloco" File: D:/insper/6semestre/desComp/projeto/Relogio_Descomp/Relógio/Aula_9.vhd Line: 131
Info (12128): Elaborating entity "registradorGenerico" for hierarchy "registradorGenerico:RegLed7" File: D:/insper/6semestre/desComp/projeto/Relogio_Descomp/Relógio/Aula_9.vhd Line: 146
Info (12128): Elaborating entity "registradorGenerico" for hierarchy "registradorGenerico:RegHex0" File: D:/insper/6semestre/desComp/projeto/Relogio_Descomp/Relógio/Aula_9.vhd Line: 165
Info (12128): Elaborating entity "conversorHex7Seg" for hierarchy "conversorHex7Seg:ConHex0" File: D:/insper/6semestre/desComp/projeto/Relogio_Descomp/Relógio/Aula_9.vhd Line: 183
Info (12128): Elaborating entity "buffer_3_state_8portas" for hierarchy "buffer_3_state_8portas:BufferSW7" File: D:/insper/6semestre/desComp/projeto/Relogio_Descomp/Relógio/Aula_9.vhd Line: 208
Info (12128): Elaborating entity "buffer_3_state" for hierarchy "buffer_3_state:BufferSW8" File: D:/insper/6semestre/desComp/projeto/Relogio_Descomp/Relógio/Aula_9.vhd Line: 211
Info (12128): Elaborating entity "divisorGenerico" for hierarchy "divisorGenerico:divisorN" File: D:/insper/6semestre/desComp/projeto/Relogio_Descomp/Relógio/Aula_9.vhd Line: 246
Info (12128): Elaborating entity "divisorGenerico" for hierarchy "divisorGenerico:divisorA" File: D:/insper/6semestre/desComp/projeto/Relogio_Descomp/Relógio/Aula_9.vhd Line: 250
Info (12128): Elaborating entity "muxGenerico2x1" for hierarchy "muxGenerico2x1:muxClock" File: D:/insper/6semestre/desComp/projeto/Relogio_Descomp/Relógio/Aula_9.vhd Line: 254
Info (12129): Elaborating entity "edgeDetector" using architecture "A:bordasubida" for hierarchy "edgeDetector:detectorSub1" File: D:/insper/6semestre/desComp/projeto/Relogio_Descomp/Relógio/Aula_9.vhd Line: 267
Warning (19016): Clock multiplexers are found and protected
    Warning (19017): Found clock multiplexer muxGenerico2x1:muxClock|saida_MUX[0] File: D:/insper/6semestre/desComp/projeto/Relogio_Descomp/Relógio/muxGenerico2x1.vhd Line: 10
Info (276014): Found 2 instances of uninferred RAM logic
    Info (276007): RAM logic "processador:processador|bancoRegistradoresArqRegMem:bancoReg|registrador" is uninferred due to asynchronous read logic File: D:/insper/6semestre/desComp/projeto/Relogio_Descomp/Relógio/bancoRegistradoresArqRegMem.vhd Line: 29
    Info (276007): RAM logic "memoriaRAM:memoriaRAM|ram" is uninferred due to asynchronous read logic File: D:/insper/6semestre/desComp/projeto/Relogio_Descomp/Relógio/memoriaRAM.vhd Line: 27
Warning (13046): Tri-state node(s) do not directly drive top-level pin(s)
    Warning (13048): Converted tri-state node "dLeituraRAM[7]" into a selector File: D:/insper/6semestre/desComp/projeto/Relogio_Descomp/Relógio/muxGenerico2x1.vhd Line: 10
    Warning (13048): Converted tri-state node "dLeituraRAM[6]" into a selector File: D:/insper/6semestre/desComp/projeto/Relogio_Descomp/Relógio/muxGenerico2x1.vhd Line: 10
    Warning (13048): Converted tri-state node "dLeituraRAM[5]" into a selector File: D:/insper/6semestre/desComp/projeto/Relogio_Descomp/Relógio/muxGenerico2x1.vhd Line: 10
    Warning (13048): Converted tri-state node "dLeituraRAM[4]" into a selector File: D:/insper/6semestre/desComp/projeto/Relogio_Descomp/Relógio/muxGenerico2x1.vhd Line: 10
    Warning (13048): Converted tri-state node "dLeituraRAM[3]" into a selector File: D:/insper/6semestre/desComp/projeto/Relogio_Descomp/Relógio/muxGenerico2x1.vhd Line: 10
    Warning (13048): Converted tri-state node "dLeituraRAM[2]" into a selector File: D:/insper/6semestre/desComp/projeto/Relogio_Descomp/Relógio/muxGenerico2x1.vhd Line: 10
    Warning (13048): Converted tri-state node "dLeituraRAM[1]" into a selector File: D:/insper/6semestre/desComp/projeto/Relogio_Descomp/Relógio/muxGenerico2x1.vhd Line: 10
    Warning (13048): Converted tri-state node "dLeituraRAM[0]" into a selector File: D:/insper/6semestre/desComp/projeto/Relogio_Descomp/Relógio/muxGenerico2x1.vhd Line: 10
Warning (13024): Output pins are stuck at VCC or GND
    Warning (13410): Pin "LEDR[0]" is stuck at GND File: D:/insper/6semestre/desComp/projeto/Relogio_Descomp/Relógio/Aula_9.vhd Line: 17
    Warning (13410): Pin "LEDR[1]" is stuck at GND File: D:/insper/6semestre/desComp/projeto/Relogio_Descomp/Relógio/Aula_9.vhd Line: 17
    Warning (13410): Pin "LEDR[2]" is stuck at GND File: D:/insper/6semestre/desComp/projeto/Relogio_Descomp/Relógio/Aula_9.vhd Line: 17
    Warning (13410): Pin "LEDR[3]" is stuck at GND File: D:/insper/6semestre/desComp/projeto/Relogio_Descomp/Relógio/Aula_9.vhd Line: 17
    Warning (13410): Pin "LEDR[4]" is stuck at GND File: D:/insper/6semestre/desComp/projeto/Relogio_Descomp/Relógio/Aula_9.vhd Line: 17
    Warning (13410): Pin "LEDR[5]" is stuck at GND File: D:/insper/6semestre/desComp/projeto/Relogio_Descomp/Relógio/Aula_9.vhd Line: 17
    Warning (13410): Pin "LEDR[6]" is stuck at GND File: D:/insper/6semestre/desComp/projeto/Relogio_Descomp/Relógio/Aula_9.vhd Line: 17
    Warning (13410): Pin "LEDR[7]" is stuck at GND File: D:/insper/6semestre/desComp/projeto/Relogio_Descomp/Relógio/Aula_9.vhd Line: 17
    Warning (13410): Pin "LEDR[8]" is stuck at GND File: D:/insper/6semestre/desComp/projeto/Relogio_Descomp/Relógio/Aula_9.vhd Line: 17
    Warning (13410): Pin "LEDR[9]" is stuck at GND File: D:/insper/6semestre/desComp/projeto/Relogio_Descomp/Relógio/Aula_9.vhd Line: 17
    Warning (13410): Pin "HEX0[0]" is stuck at GND File: D:/insper/6semestre/desComp/projeto/Relogio_Descomp/Relógio/Aula_9.vhd Line: 18
    Warning (13410): Pin "HEX0[1]" is stuck at GND File: D:/insper/6semestre/desComp/projeto/Relogio_Descomp/Relógio/Aula_9.vhd Line: 18
    Warning (13410): Pin "HEX0[2]" is stuck at GND File: D:/insper/6semestre/desComp/projeto/Relogio_Descomp/Relógio/Aula_9.vhd Line: 18
    Warning (13410): Pin "HEX0[3]" is stuck at GND File: D:/insper/6semestre/desComp/projeto/Relogio_Descomp/Relógio/Aula_9.vhd Line: 18
    Warning (13410): Pin "HEX0[4]" is stuck at GND File: D:/insper/6semestre/desComp/projeto/Relogio_Descomp/Relógio/Aula_9.vhd Line: 18
    Warning (13410): Pin "HEX0[5]" is stuck at GND File: D:/insper/6semestre/desComp/projeto/Relogio_Descomp/Relógio/Aula_9.vhd Line: 18
    Warning (13410): Pin "HEX0[6]" is stuck at VCC File: D:/insper/6semestre/desComp/projeto/Relogio_Descomp/Relógio/Aula_9.vhd Line: 18
    Warning (13410): Pin "HEX1[0]" is stuck at GND File: D:/insper/6semestre/desComp/projeto/Relogio_Descomp/Relógio/Aula_9.vhd Line: 19
    Warning (13410): Pin "HEX1[1]" is stuck at GND File: D:/insper/6semestre/desComp/projeto/Relogio_Descomp/Relógio/Aula_9.vhd Line: 19
    Warning (13410): Pin "HEX1[2]" is stuck at GND File: D:/insper/6semestre/desComp/projeto/Relogio_Descomp/Relógio/Aula_9.vhd Line: 19
    Warning (13410): Pin "HEX1[3]" is stuck at GND File: D:/insper/6semestre/desComp/projeto/Relogio_Descomp/Relógio/Aula_9.vhd Line: 19
    Warning (13410): Pin "HEX1[4]" is stuck at GND File: D:/insper/6semestre/desComp/projeto/Relogio_Descomp/Relógio/Aula_9.vhd Line: 19
    Warning (13410): Pin "HEX1[5]" is stuck at GND File: D:/insper/6semestre/desComp/projeto/Relogio_Descomp/Relógio/Aula_9.vhd Line: 19
    Warning (13410): Pin "HEX1[6]" is stuck at VCC File: D:/insper/6semestre/desComp/projeto/Relogio_Descomp/Relógio/Aula_9.vhd Line: 19
    Warning (13410): Pin "HEX2[0]" is stuck at GND File: D:/insper/6semestre/desComp/projeto/Relogio_Descomp/Relógio/Aula_9.vhd Line: 20
    Warning (13410): Pin "HEX2[1]" is stuck at GND File: D:/insper/6semestre/desComp/projeto/Relogio_Descomp/Relógio/Aula_9.vhd Line: 20
    Warning (13410): Pin "HEX2[2]" is stuck at GND File: D:/insper/6semestre/desComp/projeto/Relogio_Descomp/Relógio/Aula_9.vhd Line: 20
    Warning (13410): Pin "HEX2[3]" is stuck at GND File: D:/insper/6semestre/desComp/projeto/Relogio_Descomp/Relógio/Aula_9.vhd Line: 20
    Warning (13410): Pin "HEX2[4]" is stuck at GND File: D:/insper/6semestre/desComp/projeto/Relogio_Descomp/Relógio/Aula_9.vhd Line: 20
    Warning (13410): Pin "HEX2[5]" is stuck at GND File: D:/insper/6semestre/desComp/projeto/Relogio_Descomp/Relógio/Aula_9.vhd Line: 20
    Warning (13410): Pin "HEX2[6]" is stuck at VCC File: D:/insper/6semestre/desComp/projeto/Relogio_Descomp/Relógio/Aula_9.vhd Line: 20
    Warning (13410): Pin "HEX3[0]" is stuck at GND File: D:/insper/6semestre/desComp/projeto/Relogio_Descomp/Relógio/Aula_9.vhd Line: 21
    Warning (13410): Pin "HEX3[1]" is stuck at GND File: D:/insper/6semestre/desComp/projeto/Relogio_Descomp/Relógio/Aula_9.vhd Line: 21
    Warning (13410): Pin "HEX3[2]" is stuck at GND File: D:/insper/6semestre/desComp/projeto/Relogio_Descomp/Relógio/Aula_9.vhd Line: 21
    Warning (13410): Pin "HEX3[3]" is stuck at GND File: D:/insper/6semestre/desComp/projeto/Relogio_Descomp/Relógio/Aula_9.vhd Line: 21
    Warning (13410): Pin "HEX3[4]" is stuck at GND File: D:/insper/6semestre/desComp/projeto/Relogio_Descomp/Relógio/Aula_9.vhd Line: 21
    Warning (13410): Pin "HEX3[5]" is stuck at GND File: D:/insper/6semestre/desComp/projeto/Relogio_Descomp/Relógio/Aula_9.vhd Line: 21
    Warning (13410): Pin "HEX3[6]" is stuck at VCC File: D:/insper/6semestre/desComp/projeto/Relogio_Descomp/Relógio/Aula_9.vhd Line: 21
    Warning (13410): Pin "HEX4[0]" is stuck at GND File: D:/insper/6semestre/desComp/projeto/Relogio_Descomp/Relógio/Aula_9.vhd Line: 22
    Warning (13410): Pin "HEX4[1]" is stuck at GND File: D:/insper/6semestre/desComp/projeto/Relogio_Descomp/Relógio/Aula_9.vhd Line: 22
    Warning (13410): Pin "HEX4[2]" is stuck at GND File: D:/insper/6semestre/desComp/projeto/Relogio_Descomp/Relógio/Aula_9.vhd Line: 22
    Warning (13410): Pin "HEX4[3]" is stuck at GND File: D:/insper/6semestre/desComp/projeto/Relogio_Descomp/Relógio/Aula_9.vhd Line: 22
    Warning (13410): Pin "HEX4[4]" is stuck at GND File: D:/insper/6semestre/desComp/projeto/Relogio_Descomp/Relógio/Aula_9.vhd Line: 22
    Warning (13410): Pin "HEX4[5]" is stuck at GND File: D:/insper/6semestre/desComp/projeto/Relogio_Descomp/Relógio/Aula_9.vhd Line: 22
    Warning (13410): Pin "HEX4[6]" is stuck at VCC File: D:/insper/6semestre/desComp/projeto/Relogio_Descomp/Relógio/Aula_9.vhd Line: 22
    Warning (13410): Pin "HEX5[0]" is stuck at GND File: D:/insper/6semestre/desComp/projeto/Relogio_Descomp/Relógio/Aula_9.vhd Line: 23
    Warning (13410): Pin "HEX5[1]" is stuck at GND File: D:/insper/6semestre/desComp/projeto/Relogio_Descomp/Relógio/Aula_9.vhd Line: 23
    Warning (13410): Pin "HEX5[2]" is stuck at GND File: D:/insper/6semestre/desComp/projeto/Relogio_Descomp/Relógio/Aula_9.vhd Line: 23
    Warning (13410): Pin "HEX5[3]" is stuck at GND File: D:/insper/6semestre/desComp/projeto/Relogio_Descomp/Relógio/Aula_9.vhd Line: 23
    Warning (13410): Pin "HEX5[4]" is stuck at GND File: D:/insper/6semestre/desComp/projeto/Relogio_Descomp/Relógio/Aula_9.vhd Line: 23
    Warning (13410): Pin "HEX5[5]" is stuck at GND File: D:/insper/6semestre/desComp/projeto/Relogio_Descomp/Relógio/Aula_9.vhd Line: 23
    Warning (13410): Pin "HEX5[6]" is stuck at VCC File: D:/insper/6semestre/desComp/projeto/Relogio_Descomp/Relógio/Aula_9.vhd Line: 23
Info (17049): 59 registers lost all their fanouts during netlist optimizations.
Info (16010): Generating hard_block partition "hard_block:auto_generated_inst"
    Info (16011): Adding 0 node(s), including 0 DDIO, 0 PLL, 0 transceiver and 0 LCELL
Warning (21074): Design contains 16 input pin(s) that do not drive logic
    Warning (15610): No output dependent on input pin "CLOCK_50" File: D:/insper/6semestre/desComp/projeto/Relogio_Descomp/Relógio/Aula_9.vhd Line: 13
    Warning (15610): No output dependent on input pin "KEY[0]" File: D:/insper/6semestre/desComp/projeto/Relogio_Descomp/Relógio/Aula_9.vhd Line: 14
    Warning (15610): No output dependent on input pin "KEY[1]" File: D:/insper/6semestre/desComp/projeto/Relogio_Descomp/Relógio/Aula_9.vhd Line: 14
    Warning (15610): No output dependent on input pin "KEY[2]" File: D:/insper/6semestre/desComp/projeto/Relogio_Descomp/Relógio/Aula_9.vhd Line: 14
    Warning (15610): No output dependent on input pin "KEY[3]" File: D:/insper/6semestre/desComp/projeto/Relogio_Descomp/Relógio/Aula_9.vhd Line: 14
    Warning (15610): No output dependent on input pin "SW[0]" File: D:/insper/6semestre/desComp/projeto/Relogio_Descomp/Relógio/Aula_9.vhd Line: 15
    Warning (15610): No output dependent on input pin "SW[1]" File: D:/insper/6semestre/desComp/projeto/Relogio_Descomp/Relógio/Aula_9.vhd Line: 15
    Warning (15610): No output dependent on input pin "SW[2]" File: D:/insper/6semestre/desComp/projeto/Relogio_Descomp/Relógio/Aula_9.vhd Line: 15
    Warning (15610): No output dependent on input pin "SW[3]" File: D:/insper/6semestre/desComp/projeto/Relogio_Descomp/Relógio/Aula_9.vhd Line: 15
    Warning (15610): No output dependent on input pin "SW[4]" File: D:/insper/6semestre/desComp/projeto/Relogio_Descomp/Relógio/Aula_9.vhd Line: 15
    Warning (15610): No output dependent on input pin "SW[5]" File: D:/insper/6semestre/desComp/projeto/Relogio_Descomp/Relógio/Aula_9.vhd Line: 15
    Warning (15610): No output dependent on input pin "SW[6]" File: D:/insper/6semestre/desComp/projeto/Relogio_Descomp/Relógio/Aula_9.vhd Line: 15
    Warning (15610): No output dependent on input pin "SW[7]" File: D:/insper/6semestre/desComp/projeto/Relogio_Descomp/Relógio/Aula_9.vhd Line: 15
    Warning (15610): No output dependent on input pin "SW[8]" File: D:/insper/6semestre/desComp/projeto/Relogio_Descomp/Relógio/Aula_9.vhd Line: 15
    Warning (15610): No output dependent on input pin "SW[9]" File: D:/insper/6semestre/desComp/projeto/Relogio_Descomp/Relógio/Aula_9.vhd Line: 15
    Warning (15610): No output dependent on input pin "FPGA_RESET_N" File: D:/insper/6semestre/desComp/projeto/Relogio_Descomp/Relógio/Aula_9.vhd Line: 16
Info (21057): Implemented 68 device resources after synthesis - the final resource count might be different
    Info (21058): Implemented 16 input pins
    Info (21059): Implemented 52 output pins
Info: Quartus Prime Analysis & Synthesis was successful. 0 errors, 82 warnings
    Info: Peak virtual memory: 4857 megabytes
    Info: Processing ended: Fri Nov 04 14:40:28 2022
    Info: Elapsed time: 00:00:13
    Info: Total CPU time (on all processors): 00:00:30


